// Jest Snapshot v1, https://goo.gl/fbAQLP

exports[`renders correctly 1`] = `
<div
  className="loading"
>
  <span
    className="fa fa-spinner fa-pulse loading__icon"
  />
</div>
`;
